
> venkis-foods-backend@1.0.0 start
> node server.js

node.exe : node:internal/m
odules/cjs/loader:1386
At line:1 char:1
+ & "C:\nvm4w\nodejs/node.
exe" "C:\nvm4w\nodejs/node
_modules/npm/bin/np ...
+ ~~~~~~~~~~~~~~~~~~~~~~~~
~~~~~~~~~~~~~~~~~~~~~~~~~~
~~~~~~~~~~~~~~~~~~~
    + CategoryInfo        
      : NotSpecified: (n  
  ode:internal/modules/   
 cjs/loader:1386:Strin    
g) [], RemoteExceptio    n
    + FullyQualifiedError 
   Id : NativeCommandErr  
  or
 
  throw err;
  ^

Error: Cannot find module 
'cloudinary'
Require stack:
- D:\ZECH 
SOFT\projects\ecomerce 
for pickel\backend\config\
cloudinary.js
- D:\ZECH 
SOFT\projects\ecomerce 
for pickel\backend\control
lers\productController.js
- D:\ZECH 
SOFT\projects\ecomerce 
for pickel\backend\routes\
productRoutes.js
- D:\ZECH 
SOFT\projects\ecomerce 
for 
pickel\backend\server.js
    at 
Function._resolveFilename 
(node:internal/modules/cjs
/loader:1383:15)
    at defaultResolveImpl 
(node:internal/modules/cjs
/loader:1025:19)
    at 
resolveForCJSWithHooks (no
de:internal/modules/cjs/lo
ader:1030:22)
    at Function._load (nod
e:internal/modules/cjs/loa
der:1192:37)
    at 
TracingChannel.traceSync (
node:diagnostics_channel:3
28:14)
    at wrapModuleLoad (nod
e:internal/modules/cjs/loa
der:237:24)
    at Module.require (nod
e:internal/modules/cjs/loa
der:1463:12)
    at require (node:inter
nal/modules/helpers:147:16
)
    at Object.<anonymous> 
(D:\ZECH 
SOFT\projects\ecomerce 
for pickel\backend\config\
cloudinary.js:1:20)
    at Module._compile (no
de:internal/modules/cjs/lo
ader:1705:14) {
  code: 
'MODULE_NOT_FOUND',
  requireStack: [
    'D:\\ZECH 
SOFT\\projects\\ecomerce 
for pickel\\backend\\confi
g\\cloudinary.js',
    'D:\\ZECH 
SOFT\\projects\\ecomerce 
for pickel\\backend\\contr
ollers\\productController.
js',
    'D:\\ZECH 
SOFT\\projects\\ecomerce 
for pickel\\backend\\route
s\\productRoutes.js',
    'D:\\ZECH 
SOFT\\projects\\ecomerce 
for pickel\\backend\\serve
r.js'
  ]
}

Node.js v22.22.2
